main.c:342:13:MX_GPIO_Init	56	static
main.c:264:13:MX_TIM3_Init	40	static
main.c:226:13:MX_SPI1_Init	8	static
main.c:309:13:MX_USART3_UART_Init	8	static
main.c:188:6:SystemClock_Config	80	static
main.c:391:6:HAL_TIM_PeriodElapsedCallback	8	static
main.c:407:6:HAL_GPIO_EXTI_Callback	16	static
main.c:473:6:TLC_Write	16	static
main.c:445:6:TLC_Update	16	static
main.c:104:5:main	8	static
main.c:483:6:SendDataSPI	0	static
main.c:512:6:InitSPI	0	static
main.c:527:6:Error_Handler	0	static
