main.c:376:13:MX_GPIO_Init	56	static
main.c:260:13:MX_SPI1_Init	8	static
main.c:343:13:MX_USART3_UART_Init	8	static
main.c:298:13:MX_TIM3_Init	40	static
main.c:222:6:SystemClock_Config	80	static
main.c:425:6:HAL_TIM_PeriodElapsedCallback	0	static
main.c:454:6:HAL_GPIO_EXTI_Callback	16	static
main.c:520:6:TLC_Write	16	static
main.c:492:6:TLC_Update	16	static
main.c:530:6:SendDataSPI	16	static
main.c:559:6:InitSPI	48	static
main.c:136:5:main	8	static
main.c:598:6:Error_Handler	0	static
